Loading GoEmotions test split...
4590 single-label test examples after Ekman mapping.
Loading TextEmotionModel (with negation-dampening fix)...
Loading spaCy...
Loading j-hartmann emotion model...
Loading weights:   0%|          | 0/105 [00:00<?, ?it/s]Loading weights: 100%|██████████| 105/105 [00:00<00:00, 42200.26it/s]
Loading GoEmotions clinical tone model...
Loading weights:   0%|          | 0/201 [00:00<?, ?it/s]Loading weights: 100%|██████████| 201/201 [00:00<00:00, 18325.69it/s]
Clinical tone model ready.
Text models ready.
  200/4590 — 12.9 ex/s — ETA 5.7 min
  400/4590 — 13.1 ex/s — ETA 5.3 min
  600/4590 — 13.1 ex/s — ETA 5.1 min
  800/4590 — 13.0 ex/s — ETA 4.8 min
  1000/4590 — 13.1 ex/s — ETA 4.6 min
  1200/4590 — 13.1 ex/s — ETA 4.3 min
  1400/4590 — 12.8 ex/s — ETA 4.2 min
  1600/4590 — 12.5 ex/s — ETA 4.0 min
  1800/4590 — 12.3 ex/s — ETA 3.8 min
  2000/4590 — 12.1 ex/s — ETA 3.6 min
  2200/4590 — 11.9 ex/s — ETA 3.3 min
  2400/4590 — 11.8 ex/s — ETA 3.1 min
  2600/4590 — 11.6 ex/s — ETA 2.8 min
  2800/4590 — 11.5 ex/s — ETA 2.6 min
  3000/4590 — 11.4 ex/s — ETA 2.3 min
  3200/4590 — 11.3 ex/s — ETA 2.1 min
  3400/4590 — 11.2 ex/s — ETA 1.8 min
  3600/4590 — 11.0 ex/s — ETA 1.5 min
  3800/4590 — 10.9 ex/s — ETA 1.2 min
  4000/4590 — 10.8 ex/s — ETA 0.9 min
  4200/4590 — 10.7 ex/s — ETA 0.6 min
  4400/4590 — 10.7 ex/s — ETA 0.3 min

Overall accuracy: 43.75%
CLASS       PRECISION   RECALL      F1          
angry       35.1        23.7        28.3        
disgusted   13.4        80.3        23.0        
fearful     38.0        67.5        48.6        
happy       83.2        31.8        46.0        
neutral     43.8        62.1        51.4        
sad         41.4        42.9        42.1        
surprised   31.5        34.1        32.7        

Saved to results/text_model_goemotions.json
